// Jest Snapshot v1, https://goo.gl/fbAQLP

exports[`LanguageDropdown renders correctly 1`] = `
<div
  className="change-language dropdown"
  onKeyDown={[Function]}
>
  <button
    aria-expanded={false}
    aria-haspopup={true}
    className="dropdown-toggle btn btn-primary"
    disabled={false}
    id="dropdown-language"
    onClick={[Function]}
    type="button"
  >
    Select language
  </button>
</div>
`;
